(node:17740) [DEP0190] DeprecationWarning: Passing args to a child process with shell option true can lead to security vulnerabilities, as the arguments are not escaped, only concatenated.
(Use `node --trace-deprecation ...` to show where the warning was created)
node:internal/modules/cjs/loader:1424
  throw err;
  ^

Error: Cannot find module './entities/tag.entity'
Require stack:
- D:\proyectos-propios\alpacart\backend\dist\modules\catalog\catalog.module.js
- D:\proyectos-propios\alpacart\backend\dist\app.module.js
- D:\proyectos-propios\alpacart\backend\dist\main.js
    at Module._resolveFilename (node:internal/modules/cjs/loader:1421:15)
    at defaultResolveImpl (node:internal/modules/cjs/loader:1059:19)
    at resolveForCJSWithHooks (node:internal/modules/cjs/loader:1064:22)
    at Module._load (node:internal/modules/cjs/loader:1227:37)
    at TracingChannel.traceSync (node:diagnostics_channel:328:14)
    at wrapModuleLoad (node:internal/modules/cjs/loader:245:24)
    at Module.require (node:internal/modules/cjs/loader:1504:12)
    at require (node:internal/modules/helpers:152:16)
    at Object.<anonymous> (D:\proyectos-propios\alpacart\backend\src\modules\catalog\catalog.module.ts:10:1)
    at Module._compile (node:internal/modules/cjs/loader:1761:14) {
  code: 'MODULE_NOT_FOUND',
  requireStack: [
    'D:\\proyectos-propios\\alpacart\\backend\\dist\\modules\\catalog\\catalog.module.js',
    'D:\\proyectos-propios\\alpacart\\backend\\dist\\app.module.js',
    'D:\\proyectos-propios\\alpacart\\backend\\dist\\main.js'
  ]
}

Node.js v24.13.0
